mode: set
github.com/ericolvr/sec-backend/config/config.go:44.21,45.46 1 0
github.com/ericolvr/sec-backend/config/config.go:45.46,47.3 1 0
github.com/ericolvr/sec-backend/config/config.go:49.2,71.3 1 0
github.com/ericolvr/sec-backend/config/config.go:74.42,84.2 1 0
github.com/ericolvr/sec-backend/config/config.go:86.39,88.2 1 0
github.com/ericolvr/sec-backend/config/config.go:90.38,92.2 1 0
github.com/ericolvr/sec-backend/config/config.go:94.46,95.42 1 0
github.com/ericolvr/sec-backend/config/config.go:95.42,97.3 1 0
github.com/ericolvr/sec-backend/config/config.go:98.2,98.21 1 0
github.com/ericolvr/sec-backend/config/config.go:101.52,102.42 1 0
github.com/ericolvr/sec-backend/config/config.go:102.42,103.55 1 0
github.com/ericolvr/sec-backend/config/config.go:103.55,105.4 1 0
github.com/ericolvr/sec-backend/config/config.go:107.2,107.21 1 0
github.com/ericolvr/sec-backend/cmd/main.go:16.13,20.16 3 0
github.com/ericolvr/sec-backend/cmd/main.go:20.16,22.3 1 0
github.com/ericolvr/sec-backend/cmd/main.go:23.2,25.34 2 0
github.com/ericolvr/sec-backend/cmd/main.go:25.34,27.3 1 0
github.com/ericolvr/sec-backend/cmd/main.go:29.2,50.39 9 0
github.com/ericolvr/sec-backend/cmd/main.go:50.39,52.3 1 0
github.com/ericolvr/sec-backend/internal/core/services/user.go:17.66,19.2 1 0
github.com/ericolvr/sec-backend/internal/core/services/user.go:21.76,22.44 1 0
github.com/ericolvr/sec-backend/internal/core/services/user.go:22.44,24.3 1 0
github.com/ericolvr/sec-backend/internal/core/services/user.go:25.2,25.58 1 0
github.com/ericolvr/sec-backend/internal/core/services/user.go:25.58,27.3 1 0
github.com/ericolvr/sec-backend/internal/core/services/user.go:30.2,31.25 2 0
github.com/ericolvr/sec-backend/internal/core/services/user.go:31.25,33.17 2 0
github.com/ericolvr/sec-backend/internal/core/services/user.go:33.17,35.4 1 0
github.com/ericolvr/sec-backend/internal/core/services/user.go:36.3,37.86 2 0
github.com/ericolvr/sec-backend/internal/core/services/user.go:38.8,41.3 2 0
github.com/ericolvr/sec-backend/internal/core/services/user.go:44.2,45.16 2 0
github.com/ericolvr/sec-backend/internal/core/services/user.go:45.16,47.3 1 0
github.com/ericolvr/sec-backend/internal/core/services/user.go:48.2,51.53 3 0
github.com/ericolvr/sec-backend/internal/core/services/user.go:51.53,53.3 1 0
github.com/ericolvr/sec-backend/internal/core/services/user.go:54.2,54.12 1 0
github.com/ericolvr/sec-backend/internal/core/services/user.go:57.92,58.17 1 0
github.com/ericolvr/sec-backend/internal/core/services/user.go:58.17,60.3 1 0
github.com/ericolvr/sec-backend/internal/core/services/user.go:61.2,61.16 1 0
github.com/ericolvr/sec-backend/internal/core/services/user.go:61.16,63.3 1 0
github.com/ericolvr/sec-backend/internal/core/services/user.go:64.2,64.44 1 0
github.com/ericolvr/sec-backend/internal/core/services/user.go:67.85,68.14 1 0
github.com/ericolvr/sec-backend/internal/core/services/user.go:68.14,70.3 1 0
github.com/ericolvr/sec-backend/internal/core/services/user.go:72.2,73.16 2 0
github.com/ericolvr/sec-backend/internal/core/services/user.go:73.16,75.3 1 0
github.com/ericolvr/sec-backend/internal/core/services/user.go:77.2,77.39 1 0
github.com/ericolvr/sec-backend/internal/core/services/user.go:80.93,81.18 1 0
github.com/ericolvr/sec-backend/internal/core/services/user.go:81.18,83.3 1 0
github.com/ericolvr/sec-backend/internal/core/services/user.go:85.2,85.44 1 0
github.com/ericolvr/sec-backend/internal/core/services/user.go:88.76,89.18 1 0
github.com/ericolvr/sec-backend/internal/core/services/user.go:89.18,91.3 1 0
github.com/ericolvr/sec-backend/internal/core/services/user.go:93.2,93.50 1 0
github.com/ericolvr/sec-backend/internal/core/services/user.go:93.50,95.3 1 0
github.com/ericolvr/sec-backend/internal/core/services/user.go:98.2,99.16 2 0
github.com/ericolvr/sec-backend/internal/core/services/user.go:99.16,100.27 1 0
github.com/ericolvr/sec-backend/internal/core/services/user.go:100.27,102.4 1 0
github.com/ericolvr/sec-backend/internal/core/services/user.go:103.3,103.13 1 0
github.com/ericolvr/sec-backend/internal/core/services/user.go:106.2,106.60 1 0
github.com/ericolvr/sec-backend/internal/core/services/user.go:106.60,108.3 1 0
github.com/ericolvr/sec-backend/internal/core/services/user.go:110.2,110.37 1 0
github.com/ericolvr/sec-backend/internal/core/services/user.go:113.84,114.14 1 0
github.com/ericolvr/sec-backend/internal/core/services/user.go:114.14,116.3 1 0
github.com/ericolvr/sec-backend/internal/core/services/user.go:118.2,119.16 2 0
github.com/ericolvr/sec-backend/internal/core/services/user.go:119.16,121.3 1 0
github.com/ericolvr/sec-backend/internal/core/services/user.go:123.2,124.16 2 0
github.com/ericolvr/sec-backend/internal/core/services/user.go:124.16,125.27 1 0
github.com/ericolvr/sec-backend/internal/core/services/user.go:125.27,127.4 1 0
github.com/ericolvr/sec-backend/internal/core/services/user.go:128.3,128.18 1 0
github.com/ericolvr/sec-backend/internal/core/services/user.go:131.2,131.54 1 0
github.com/ericolvr/sec-backend/internal/core/services/user.go:131.54,133.3 1 0
github.com/ericolvr/sec-backend/internal/core/services/user.go:134.2,134.18 1 0
github.com/ericolvr/sec-backend/internal/core/services/user.go:137.90,139.16 2 0
github.com/ericolvr/sec-backend/internal/core/services/user.go:139.16,140.27 1 0
github.com/ericolvr/sec-backend/internal/core/services/user.go:140.27,142.4 1 0
github.com/ericolvr/sec-backend/internal/core/services/user.go:143.3,143.13 1 0
github.com/ericolvr/sec-backend/internal/core/services/user.go:147.2,147.47 1 0
github.com/ericolvr/sec-backend/internal/core/services/user.go:147.47,149.3 1 0
github.com/ericolvr/sec-backend/internal/core/services/user.go:150.2,150.12 1 0
github.com/ericolvr/sec-backend/internal/infrastructure/http/routes/user_routes.go:12.62,16.2 1 0
github.com/ericolvr/sec-backend/internal/infrastructure/http/routes/user_routes.go:18.56,20.2 2 0
github.com/ericolvr/sec-backend/internal/infrastructure/http/routes/user_routes.go:20.2,27.3 6 0
github.com/ericolvr/sec-backend/internal/interfaces/api/user_handler.go:19.69,23.2 1 0
github.com/ericolvr/sec-backend/internal/interfaces/api/user_handler.go:25.46,28.53 2 0
github.com/ericolvr/sec-backend/internal/interfaces/api/user_handler.go:28.53,34.3 2 0
github.com/ericolvr/sec-backend/internal/interfaces/api/user_handler.go:36.2,44.72 2 0
github.com/ericolvr/sec-backend/internal/interfaces/api/user_handler.go:44.72,50.3 2 0
github.com/ericolvr/sec-backend/internal/interfaces/api/user_handler.go:52.2,53.41 2 0
github.com/ericolvr/sec-backend/internal/interfaces/api/user_handler.go:56.44,62.16 4 0
github.com/ericolvr/sec-backend/internal/interfaces/api/user_handler.go:62.16,67.3 2 0
github.com/ericolvr/sec-backend/internal/interfaces/api/user_handler.go:69.2,70.16 2 0
github.com/ericolvr/sec-backend/internal/interfaces/api/user_handler.go:70.16,75.3 2 0
github.com/ericolvr/sec-backend/internal/interfaces/api/user_handler.go:77.2,78.16 2 0
github.com/ericolvr/sec-backend/internal/interfaces/api/user_handler.go:78.16,83.3 2 0
github.com/ericolvr/sec-backend/internal/interfaces/api/user_handler.go:86.2,87.29 2 0
github.com/ericolvr/sec-backend/internal/interfaces/api/user_handler.go:87.29,89.3 1 0
github.com/ericolvr/sec-backend/internal/interfaces/api/user_handler.go:91.2,91.38 1 0
github.com/ericolvr/sec-backend/internal/interfaces/api/user_handler.go:94.47,98.16 3 0
github.com/ericolvr/sec-backend/internal/interfaces/api/user_handler.go:98.16,103.3 2 0
github.com/ericolvr/sec-backend/internal/interfaces/api/user_handler.go:105.2,107.36 2 0
github.com/ericolvr/sec-backend/internal/interfaces/api/user_handler.go:110.51,114.16 3 0
github.com/ericolvr/sec-backend/internal/interfaces/api/user_handler.go:114.16,115.27 1 0
github.com/ericolvr/sec-backend/internal/interfaces/api/user_handler.go:115.27,120.4 2 0
github.com/ericolvr/sec-backend/internal/interfaces/api/user_handler.go:121.3,124.9 2 0
github.com/ericolvr/sec-backend/internal/interfaces/api/user_handler.go:127.2,129.36 2 0
github.com/ericolvr/sec-backend/internal/interfaces/api/user_handler.go:132.46,136.53 3 0
github.com/ericolvr/sec-backend/internal/interfaces/api/user_handler.go:136.53,143.3 3 0
github.com/ericolvr/sec-backend/internal/interfaces/api/user_handler.go:145.2,146.16 2 0
github.com/ericolvr/sec-backend/internal/interfaces/api/user_handler.go:146.16,151.3 2 0
github.com/ericolvr/sec-backend/internal/interfaces/api/user_handler.go:153.2,157.16 3 0
github.com/ericolvr/sec-backend/internal/interfaces/api/user_handler.go:157.16,162.3 2 0
github.com/ericolvr/sec-backend/internal/interfaces/api/user_handler.go:164.2,172.72 2 0
github.com/ericolvr/sec-backend/internal/interfaces/api/user_handler.go:172.72,173.48 1 0
github.com/ericolvr/sec-backend/internal/interfaces/api/user_handler.go:173.48,178.4 2 0
github.com/ericolvr/sec-backend/internal/interfaces/api/user_handler.go:179.3,182.9 2 0
github.com/ericolvr/sec-backend/internal/interfaces/api/user_handler.go:185.2,186.36 2 0
github.com/ericolvr/sec-backend/internal/interfaces/api/user_handler.go:189.46,193.16 3 0
github.com/ericolvr/sec-backend/internal/interfaces/api/user_handler.go:193.16,194.48 1 0
github.com/ericolvr/sec-backend/internal/interfaces/api/user_handler.go:194.48,199.4 2 0
github.com/ericolvr/sec-backend/internal/interfaces/api/user_handler.go:200.3,203.9 2 0
github.com/ericolvr/sec-backend/internal/interfaces/api/user_handler.go:206.2,209.4 1 0
github.com/ericolvr/sec-backend/internal/infrastructure/http/routes.go:18.47,22.2 1 0
github.com/ericolvr/sec-backend/internal/infrastructure/http/routes.go:24.50,27.45 2 0
github.com/ericolvr/sec-backend/internal/infrastructure/http/routes.go:27.45,29.3 1 0
github.com/ericolvr/sec-backend/internal/infrastructure/http/routes.go:32.2,33.2 2 0
github.com/ericolvr/sec-backend/internal/infrastructure/http/routes.go:33.2,39.3 1 0
github.com/ericolvr/sec-backend/internal/infrastructure/http/server.go:22.53,27.2 1 0
github.com/ericolvr/sec-backend/internal/infrastructure/http/server.go:29.32,31.19 2 0
github.com/ericolvr/sec-backend/internal/infrastructure/http/server.go:31.19,33.3 1 0
github.com/ericolvr/sec-backend/internal/infrastructure/http/server.go:34.2,53.12 8 0
github.com/ericolvr/sec-backend/internal/infrastructure/http/server.go:53.12,58.77 4 0
github.com/ericolvr/sec-backend/internal/infrastructure/http/server.go:58.77,60.4 1 0
github.com/ericolvr/sec-backend/internal/infrastructure/http/server.go:63.2,69.42 5 0
github.com/ericolvr/sec-backend/internal/infrastructure/http/server.go:69.42,72.3 2 0
github.com/ericolvr/sec-backend/internal/infrastructure/http/server.go:74.2,75.12 2 0
github.com/ericolvr/sec-backend/internal/infrastructure/http/server.go:78.54,81.79 2 0
github.com/ericolvr/sec-backend/internal/infrastructure/http/server.go:81.79,91.3 1 0
github.com/ericolvr/sec-backend/internal/infrastructure/http/server.go:93.2,99.34 6 0
github.com/ericolvr/sec-backend/internal/infrastructure/http/server.go:99.34,102.3 2 0
github.com/ericolvr/sec-backend/internal/infrastructure/database/user.go:14.52,16.2 1 0
github.com/ericolvr/sec-backend/internal/infrastructure/database/user.go:18.79,35.2 3 0
github.com/ericolvr/sec-backend/internal/infrastructure/database/user.go:37.95,45.16 3 0
github.com/ericolvr/sec-backend/internal/infrastructure/database/user.go:45.16,47.3 1 0
github.com/ericolvr/sec-backend/internal/infrastructure/database/user.go:48.2,51.18 3 0
github.com/ericolvr/sec-backend/internal/infrastructure/database/user.go:51.18,61.17 3 0
github.com/ericolvr/sec-backend/internal/infrastructure/database/user.go:61.17,63.4 1 0
github.com/ericolvr/sec-backend/internal/infrastructure/database/user.go:64.3,64.30 1 0
github.com/ericolvr/sec-backend/internal/infrastructure/database/user.go:67.2,67.19 1 0
github.com/ericolvr/sec-backend/internal/infrastructure/database/user.go:70.87,86.16 5 0
github.com/ericolvr/sec-backend/internal/infrastructure/database/user.go:86.16,88.3 1 0
github.com/ericolvr/sec-backend/internal/infrastructure/database/user.go:90.2,90.18 1 0
github.com/ericolvr/sec-backend/internal/infrastructure/database/user.go:93.96,109.16 5 0
github.com/ericolvr/sec-backend/internal/infrastructure/database/user.go:109.16,111.3 1 0
github.com/ericolvr/sec-backend/internal/infrastructure/database/user.go:113.2,113.18 1 0
github.com/ericolvr/sec-backend/internal/infrastructure/database/user.go:116.79,132.2 3 0
github.com/ericolvr/sec-backend/internal/infrastructure/database/user.go:134.70,141.2 3 0
github.com/ericolvr/sec-backend/internal/interfaces/dto/user.go:30.53,38.2 1 0
github.com/ericolvr/sec-backend/internal/core/domain/password.go:11.47,15.38 3 1
github.com/ericolvr/sec-backend/internal/core/domain/password.go:15.38,18.17 2 1
github.com/ericolvr/sec-backend/internal/core/domain/password.go:18.17,20.4 1 0
github.com/ericolvr/sec-backend/internal/core/domain/password.go:21.3,21.40 1 1
github.com/ericolvr/sec-backend/internal/core/domain/password.go:24.2,24.30 1 1
github.com/ericolvr/sec-backend/internal/core/domain/password.go:28.52,30.16 2 1
github.com/ericolvr/sec-backend/internal/core/domain/password.go:30.16,32.3 1 1
github.com/ericolvr/sec-backend/internal/core/domain/password.go:33.2,33.27 1 1
github.com/ericolvr/sec-backend/internal/core/domain/password.go:37.52,40.2 2 1
github.com/ericolvr/sec-backend/internal/core/domain/user.go:35.37,36.18 1 1
github.com/ericolvr/sec-backend/internal/core/domain/user.go:36.18,38.3 1 1
github.com/ericolvr/sec-backend/internal/core/domain/user.go:39.2,39.20 1 1
github.com/ericolvr/sec-backend/internal/core/domain/user.go:39.20,41.3 1 1
github.com/ericolvr/sec-backend/internal/core/domain/user.go:42.2,42.21 1 1
github.com/ericolvr/sec-backend/internal/core/domain/user.go:42.21,44.3 1 1
github.com/ericolvr/sec-backend/internal/core/domain/user.go:45.2,45.22 1 1
github.com/ericolvr/sec-backend/internal/core/domain/user.go:45.22,47.3 1 1
github.com/ericolvr/sec-backend/internal/core/domain/user.go:49.2,49.12 1 1
github.com/ericolvr/sec-backend/internal/core/domain/user.go:52.43,53.18 1 1
github.com/ericolvr/sec-backend/internal/core/domain/user.go:53.18,55.3 1 1
github.com/ericolvr/sec-backend/internal/core/domain/user.go:56.2,56.20 1 1
github.com/ericolvr/sec-backend/internal/core/domain/user.go:56.20,58.3 1 1
github.com/ericolvr/sec-backend/internal/core/domain/user.go:59.2,59.21 1 1
github.com/ericolvr/sec-backend/internal/core/domain/user.go:59.21,61.3 1 1
github.com/ericolvr/sec-backend/internal/core/domain/user.go:63.2,63.12 1 1
